// Jest Snapshot v1, https://goo.gl/fbAQLP

exports[`cssUnits regular 1`] = `" .go1669064858{min-width:10px;font-size:20em;}"`;

exports[`cssUnits regular 2`] = `"<div class=\\"go1669064858\\"></div>"`;

exports[`cssUnits with theme 1`] = `".go1669064858{min-width:10px;font-size:20em;}"`;

exports[`cssUnits with theme 2`] = `"<div class=\\"go1669064858\\"></div>"`;
